Analyzing valerion...                                           

warning - Unused import: 'package:geolocator/geolocator.dart' - lib\core\data\repositories\firebase_valerion_repository.dart:17:8 - unused_import
   info - Statements in an if should be enclosed in a block - lib\core\data\repositories\firebase_valerion_repository.dart:348:9 - curly_braces_in_flow_control_structures
   info - The member 'getDojoExercises' overrides an inherited member but isn't annotated with '@override' - lib\core\data\repositories\firebase_valerion_repository.dart:985:32 - annotate_overrides
   info - The member 'uploadDefaultExercises' overrides an inherited member but isn't annotated with '@override' - lib\core\data\repositories\firebase_valerion_repository.dart:994:16 - annotate_overrides
   info - Don't invoke 'print' in production code - lib\core\data\services\storage_service.dart:60:7 - avoid_print
   info - Don't invoke 'print' in production code - lib\core\providers\arc_provider.dart:43:9 - avoid_print
   info - Don't invoke 'print' in production code - lib\core\providers\dojo_provider.dart:11:5 - avoid_print
   info - Don't invoke 'print' in production code - lib\core\providers\dojo_provider.dart:18:7 - avoid_print
   info - Don't invoke 'print' in production code - lib\core\providers\location_provider.dart:17:5 - avoid_print
   info - Don't invoke 'print' in production code - lib\core\providers\location_provider.dart:30:5 - avoid_print
   info - The import of 'package:flutter/foundation.dart' is unnecessary because all of the used elements are also provided by the import of 'package:flutter/material.dart' - lib\features\arena\arena_active_screen.dart:4:8 - unnecessary_import
   info - Statements in an if should be enclosed in a block - lib\features\arena\arena_active_screen.dart:373:27 - curly_braces_in_flow_control_structures
   info - Statements in an if should be enclosed in a block - lib\features\arena\arena_active_screen.dart:374:32 - curly_braces_in_flow_control_structures
   info - Statements in an if should be enclosed in a block - lib\features\arena\arena_active_screen.dart:375:12 - curly_braces_in_flow_control_structures
   info - Statements in an if should be enclosed in a block - lib\features\arena\arena_active_screen.dart:378:27 - curly_braces_in_flow_control_structures
   info - Statements in an if should be enclosed in a block - lib\features\arena\arena_active_screen.dart:379:32 - curly_braces_in_flow_control_structures
   info - Statements in an if should be enclosed in a block - lib\features\arena\arena_active_screen.dart:380:12 - curly_braces_in_flow_control_structures
   info - Statements in an if should be enclosed in a block - lib\features\arena\arena_active_screen.dart:383:27 - curly_braces_in_flow_control_structures
   info - Statements in an if should be enclosed in a block - lib\features\arena\arena_active_screen.dart:384:32 - curly_braces_in_flow_control_structures
   info - Statements in an if should be enclosed in a block - lib\features\arena\arena_active_screen.dart:385:12 - curly_braces_in_flow_control_structures
   info - 'withOpacity' is deprecated and shouldn't be used. Use .withValues() to avoid precision loss - lib\features\arena\arena_active_screen.dart:776:34 - deprecated_member_use
   info - 'withOpacity' is deprecated and shouldn't be used. Use .withValues() to avoid precision loss - lib\features\arena\arena_active_screen.dart:777:34 - deprecated_member_use
   info - 'withOpacity' is deprecated and shouldn't be used. Use .withValues() to avoid precision loss - lib\features\arena\arena_active_screen.dart:798:57 - deprecated_member_use
   info - 'withOpacity' is deprecated and shouldn't be used. Use .withValues() to avoid precision loss - lib\features\arena\arena_active_screen.dart:824:95 - deprecated_member_use
   info - 'withOpacity' is deprecated and shouldn't be used. Use .withValues() to avoid precision loss - lib\features\arena\arena_active_screen.dart:887:49 - deprecated_member_use
   info - 'withOpacity' is deprecated and shouldn't be used. Use .withValues() to avoid precision loss - lib\features\arena\arena_active_screen.dart:908:41 - deprecated_member_use
   info - 'withOpacity' is deprecated and shouldn't be used. Use .withValues() to avoid precision loss - lib\features\arena\arena_active_screen.dart:911:57 - deprecated_member_use
   info - 'withOpacity' is deprecated and shouldn't be used. Use .withValues() to avoid precision loss - lib\features\arena\arena_active_screen.dart:918:57 - deprecated_member_use
   info - 'withOpacity' is deprecated and shouldn't be used. Use .withValues() to avoid precision loss - lib\features\arena\arena_active_screen.dart:954:58 - deprecated_member_use
   info - 'withOpacity' is deprecated and shouldn't be used. Use .withValues() to avoid precision loss - lib\features\arena\arena_active_screen.dart:954:95 - deprecated_member_use
   info - 'withOpacity' is deprecated and shouldn't be used. Use .withValues() to avoid precision loss - lib\features\arena\arena_active_screen.dart:962:84 - deprecated_member_use
   info - 'withOpacity' is deprecated and shouldn't be used. Use .withValues() to avoid precision loss - lib\features\arena\arena_active_screen.dart:1036:81 - deprecated_member_use
   info - 'withOpacity' is deprecated and shouldn't be used. Use .withValues() to avoid precision loss - lib\features\arena\arena_active_screen.dart:1036:112 - deprecated_member_use
   info - 'withOpacity' is deprecated and shouldn't be used. Use .withValues() to avoid precision loss - lib\features\arena\arena_active_screen.dart:1064:94 - deprecated_member_use
   info - 'withOpacity' is deprecated and shouldn't be used. Use .withValues() to avoid precision loss - lib\features\arena\arena_active_screen.dart:1066:113 - deprecated_member_use
   info - 'withOpacity' is deprecated and shouldn't be used. Use .withValues() to avoid precision loss - lib\features\arena\arena_active_screen.dart:1096:35 - deprecated_member_use
   info - 'withOpacity' is deprecated and shouldn't be used. Use .withValues() to avoid precision loss - lib\features\arena\arena_active_screen.dart:1098:54 - deprecated_member_use
   info - 'withOpacity' is deprecated and shouldn't be used. Use .withValues() to avoid precision loss - lib\features\arena\arena_active_screen.dart:1100:47 - deprecated_member_use
   info - 'withOpacity' is deprecated and shouldn't be used. Use .withValues() to avoid precision loss - lib\features\arena\arena_active_screen.dart:1157:53 - deprecated_member_use
   info - 'withOpacity' is deprecated and shouldn't be used. Use .withValues() to avoid precision loss - lib\features\arena\arena_active_screen.dart:1173:72 - deprecated_member_use
   info - 'withOpacity' is deprecated and shouldn't be used. Use .withValues() to avoid precision loss - lib\features\arena\arena_active_screen.dart:1229:40 - deprecated_member_use
   info - Type could be non-nullable - lib\features\arena\arena_report_screen.dart:304:24 - unnecessary_nullable_for_final_variable_declarations
   info - 'withOpacity' is deprecated and shouldn't be used. Use .withValues() to avoid precision loss - lib\features\arena\arena_report_screen.dart:409:68 - deprecated_member_use
   info - 'withOpacity' is deprecated and shouldn't be used. Use .withValues() to avoid precision loss - lib\features\arena\arena_report_screen.dart:412:53 - deprecated_member_use
   info - 'withOpacity' is deprecated and shouldn't be used. Use .withValues() to avoid precision loss - lib\features\arena\arena_report_screen.dart:437:63 - deprecated_member_use
   info - 'withOpacity' is deprecated and shouldn't be used. Use .withValues() to avoid precision loss - lib\features\arena\arena_report_screen.dart:445:91 - deprecated_member_use
   info - 'withOpacity' is deprecated and shouldn't be used. Use .withValues() to avoid precision loss - lib\features\arena\arena_report_screen.dart:451:53 - deprecated_member_use
   info - 'withOpacity' is deprecated and shouldn't be used. Use .withValues() to avoid precision loss - lib\features\arena\arena_report_screen.dart:456:84 - deprecated_member_use
   info - 'withOpacity' is deprecated and shouldn't be used. Use .withValues() to avoid precision loss - lib\features\arena\arena_report_screen.dart:460:78 - deprecated_member_use
   info - 'withOpacity' is deprecated and shouldn't be used. Use .withValues() to avoid precision loss - lib\features\arena\arena_report_screen.dart:474:51 - deprecated_member_use
   info - 'withOpacity' is deprecated and shouldn't be used. Use .withValues() to avoid precision loss - lib\features\arena\arena_report_screen.dart:476:70 - deprecated_member_use
   info - 'withOpacity' is deprecated and shouldn't be used. Use .withValues() to avoid precision loss - lib\features\arena\arena_report_screen.dart:501:45 - deprecated_member_use
   info - 'withOpacity' is deprecated and shouldn't be used. Use .withValues() to avoid precision loss - lib\features\arena\arena_report_screen.dart:683:26 - deprecated_member_use
   info - 'withOpacity' is deprecated and shouldn't be used. Use .withValues() to avoid precision loss - lib\features\arena\arena_report_screen.dart:687:30 - deprecated_member_use
   info - 'withOpacity' is deprecated and shouldn't be used. Use .withValues() to avoid precision loss - lib\features\arena\arena_report_screen.dart:707:26 - deprecated_member_use
   info - 'withOpacity' is deprecated and shouldn't be used. Use .withValues() to avoid precision loss - lib\features\arena\arena_screen.dart:71:48 - deprecated_member_use
   info - 'withOpacity' is deprecated and shouldn't be used. Use .withValues() to avoid precision loss - lib\features\arena\arena_screen.dart:71:81 - deprecated_member_use
   info - Don't invoke 'print' in production code - lib\features\arena\services\poi_service.dart:73:7 - avoid_print
   info - Don't invoke 'print' in production code - lib\features\arena\services\poi_service.dart:96:7 - avoid_print
   info - Don't invoke 'print' in production code - lib\features\arena\services\routing_service.dart:31:7 - avoid_print
   info - Don't invoke 'print' in production code - lib\features\arena\services\routing_service.dart:79:9 - avoid_print
   info - Don't invoke 'print' in production code - lib\features\arena\services\routing_service.dart:82:7 - avoid_print
   info - Don't invoke 'print' in production code - lib\features\arena\services\routing_service.dart:102:7 - avoid_print
   info - Don't use 'BuildContext's across async gaps, guarded by an unrelated 'mounted' check - lib\features\arena\tabs\bastions_tab.dart:130:35 - use_build_context_synchronously
   info - Don't use 'BuildContext's across async gaps, guarded by an unrelated 'mounted' check - lib\features\arena\tabs\bastions_tab.dart:131:42 - use_build_context_synchronously
   info - 'withOpacity' is deprecated and shouldn't be used. Use .withValues() to avoid precision loss - lib\features\arena\tabs\bastions_tab.dart:174:22 - deprecated_member_use
   info - 'withOpacity' is deprecated and shouldn't be used. Use .withValues() to avoid precision loss - lib\features\arena\tabs\bastions_tab.dart:176:41 - deprecated_member_use
   info - 'withOpacity' is deprecated and shouldn't be used. Use .withValues() to avoid precision loss - lib\features\arena\tabs\bastions_tab.dart:224:59 - deprecated_member_use
   info - 'withOpacity' is deprecated and shouldn't be used. Use .withValues() to avoid precision loss - lib\features\arena\tabs\bastions_tab.dart:251:37 - deprecated_member_use
   info - 'withOpacity' is deprecated and shouldn't be used. Use .withValues() to avoid precision loss - lib\features\arena\tabs\bastions_tab.dart:253:67 - deprecated_member_use
   info - 'withOpacity' is deprecated and shouldn't be used. Use .withValues() to avoid precision loss - lib\features\arena\tabs\bastions_tab.dart:282:70 - deprecated_member_use
   info - 'withOpacity' is deprecated and shouldn't be used. Use .withValues() to avoid precision loss - lib\features\arena\tabs\bastions_tab.dart:302:45 - deprecated_member_use
   info - 'withOpacity' is deprecated and shouldn't be used. Use .withValues() to avoid precision loss - lib\features\arena\tabs\bastions_tab.dart:311:74 - deprecated_member_use
   info - 'withOpacity' is deprecated and shouldn't be used. Use .withValues() to avoid precision loss - lib\features\arena\tabs\bastions_tab.dart:403:40 - deprecated_member_use
   info - 'withOpacity' is deprecated and shouldn't be used. Use .withValues() to avoid precision loss - lib\features\arena\tabs\bastions_tab.dart:405:59 - deprecated_member_use
   info - 'withOpacity' is deprecated and shouldn't be used. Use .withValues() to avoid precision loss - lib\features\arena\tabs\bastions_tab.dart:450:28 - deprecated_member_use
   info - 'withOpacity' is deprecated and shouldn't be used. Use .withValues() to avoid precision loss - lib\features\arena\tabs\bastions_tab.dart:522:61 - deprecated_member_use
   info - 'withOpacity' is deprecated and shouldn't be used. Use .withValues() to avoid precision loss - lib\features\arena\tabs\bastions_tab.dart:524:80 - deprecated_member_use
   info - 'withOpacity' is deprecated and shouldn't be used. Use .withValues() to avoid precision loss - lib\features\arena\tabs\bastions_tab.dart:574:61 - deprecated_member_use
   info - 'withOpacity' is deprecated and shouldn't be used. Use .withValues() to avoid precision loss - lib\features\arena\tabs\bastions_tab.dart:576:80 - deprecated_member_use
   info - 'withOpacity' is deprecated and shouldn't be used. Use .withValues() to avoid precision loss - lib\features\arena\tabs\bastions_tab.dart:615:65 - deprecated_member_use
   info - 'withOpacity' is deprecated and shouldn't be used. Use .withValues() to avoid precision loss - lib\features\arena\tabs\bastions_tab.dart:617:72 - deprecated_member_use
   info - 'withOpacity' is deprecated and shouldn't be used. Use .withValues() to avoid precision loss - lib\features\arena\tabs\bastions_tab.dart:659:33 - deprecated_member_use
   info - 'withOpacity' is deprecated and shouldn't be used. Use .withValues() to avoid precision loss - lib\features\arena\tabs\bastions_tab.dart:661:52 - deprecated_member_use
   info - 'withOpacity' is deprecated and shouldn't be used. Use .withValues() to avoid precision loss - lib\features\arena\tabs\bastions_tab.dart:731:39 - deprecated_member_use
   info - 'withOpacity' is deprecated and shouldn't be used. Use .withValues() to avoid precision loss - lib\features\arena\tabs\bastions_tab.dart:745:22 - deprecated_member_use
   info - 'withOpacity' is deprecated and shouldn't be used. Use .withValues() to avoid precision loss - lib\features\arena\tabs\bastions_tab.dart:747:41 - deprecated_member_use
   info - 'withOpacity' is deprecated and shouldn't be used. Use .withValues() to avoid precision loss - lib\features\arena\tabs\bastions_tab.dart:779:38 - deprecated_member_use
   info - 'withOpacity' is deprecated and shouldn't be used. Use .withValues() to avoid precision loss - lib\features\arena\tabs\bastions_tab.dart:781:57 - deprecated_member_use
   info - 'withOpacity' is deprecated and shouldn't be used. Use .withValues() to avoid precision loss - lib\features\arena\tabs\bastions_tab.dart:912:62 - deprecated_member_use
   info - 'withOpacity' is deprecated and shouldn't be used. Use .withValues() to avoid precision loss - lib\features\arena\tabs\bastions_tab.dart:912:99 - deprecated_member_use
   info - 'withOpacity' is deprecated and shouldn't be used. Use .withValues() to avoid precision loss - lib\features\arena\tabs\forge_tab.dart:99:84 - deprecated_member_use
   info - 'withOpacity' is deprecated and shouldn't be used. Use .withValues() to avoid precision loss - lib\features\arena\tabs\forge_tab.dart:121:66 - deprecated_member_use
   info - 'withOpacity' is deprecated and shouldn't be used. Use .withValues() to avoid precision loss - lib\features\arena\tabs\forge_tab.dart:128:119 - deprecated_member_use
   info - 'withOpacity' is deprecated and shouldn't be used. Use .withValues() to avoid precision loss - lib\features\arena\tabs\forge_tab.dart:182:57 - deprecated_member_use
   info - 'withOpacity' is deprecated and shouldn't be used. Use .withValues() to avoid precision loss - lib\features\arena\tabs\territories_tab.dart:18:66 - deprecated_member_use
   info - 'withOpacity' is deprecated and shouldn't be used. Use .withValues() to avoid precision loss - lib\features\arena\tabs\territories_tab.dart:36:54 - deprecated_member_use
   info - 'withOpacity' is deprecated and shouldn't be used. Use .withValues() to avoid precision loss - lib\features\arena\tabs\territories_tab.dart:45:39 - deprecated_member_use
   info - 'withOpacity' is deprecated and shouldn't be used. Use .withValues() to avoid precision loss - lib\features\arena\tabs\territories_tab.dart:47:58 - deprecated_member_use
   info - 'value' is deprecated and shouldn't be used. Use component accessors like .r or .g, or toARGB32 for an explicit conversion - lib\features\arena\widgets\arena_map.dart:176:40 - deprecated_member_use
   info - 'value' is deprecated and shouldn't be used. Use component accessors like .r or .g, or toARGB32 for an explicit conversion - lib\features\arena\widgets\arena_map.dart:215:41 - deprecated_member_use
   info - 'value' is deprecated and shouldn't be used. Use component accessors like .r or .g, or toARGB32 for an explicit conversion - lib\features\arena\widgets\arena_map.dart:219:41 - deprecated_member_use
   info - 'value' is deprecated and shouldn't be used. Use component accessors like .r or .g, or toARGB32 for an explicit conversion - lib\features\arena\widgets\arena_map.dart:226:35 - deprecated_member_use
   info - 'value' is deprecated and shouldn't be used. Use component accessors like .r or .g, or toARGB32 for an explicit conversion - lib\features\arena\widgets\arena_map.dart:261:44 - deprecated_member_use
   info - 'value' is deprecated and shouldn't be used. Use component accessors like .r or .g, or toARGB32 for an explicit conversion - lib\features\arena\widgets\arena_map.dart:265:43 - deprecated_member_use
   info - 'value' is deprecated and shouldn't be used. Use component accessors like .r or .g, or toARGB32 for an explicit conversion - lib\features\arena\widgets\arena_map.dart:272:44 - deprecated_member_use
   info - 'withOpacity' is deprecated and shouldn't be used. Use .withValues() to avoid precision loss - lib\features\arena\widgets\performance_card.dart:37:48 - deprecated_member_use
   info - 'withOpacity' is deprecated and shouldn't be used. Use .withValues() to avoid precision loss - lib\features\arena\widgets\performance_card.dart:72:39 - deprecated_member_use
   info - 'withOpacity' is deprecated and shouldn't be used. Use .withValues() to avoid precision loss - lib\features\arena\widgets\performance_card.dart:73:58 - deprecated_member_use
   info - 'withOpacity' is deprecated and shouldn't be used. Use .withValues() to avoid precision loss - lib\features\arena\widgets\performance_card.dart:128:35 - deprecated_member_use
   info - 'withOpacity' is deprecated and shouldn't be used. Use .withValues() to avoid precision loss - lib\features\arena\widgets\performance_card.dart:149:39 - deprecated_member_use
   info - 'withOpacity' is deprecated and shouldn't be used. Use .withValues() to avoid precision loss - lib\features\arena\widgets\performance_card.dart:168:33 - deprecated_member_use
   info - 'withOpacity' is deprecated and shouldn't be used. Use .withValues() to avoid precision loss - lib\features\arena\widgets\performance_chart.dart:20:31 - deprecated_member_use
   info - 'withOpacity' is deprecated and shouldn't be used. Use .withValues() to avoid precision loss - lib\features\arena\widgets\performance_chart.dart:58:29 - deprecated_member_use
   info - 'Share' is deprecated and shouldn't be used. Use SharePlus instead - lib\features\arena\widgets\share_selection_dialog.dart:204:11 - deprecated_member_use
   info - 'shareXFiles' is deprecated and shouldn't be used. Use SharePlus.instance.share() instead - lib\features\arena\widgets\share_selection_dialog.dart:204:17 - deprecated_member_use
   info - 'withOpacity' is deprecated and shouldn't be used. Use .withValues() to avoid precision loss - lib\features\arsenal\arsenal_screen.dart:79:35 - deprecated_member_use
   info - 'withOpacity' is deprecated and shouldn't be used. Use .withValues() to avoid precision loss - lib\features\arsenal\arsenal_screen.dart:81:54 - deprecated_member_use
   info - 'withOpacity' is deprecated and shouldn't be used. Use .withValues() to avoid precision loss - lib\features\arsenal\arsenal_screen.dart:184:46 - deprecated_member_use
   info - 'withOpacity' is deprecated and shouldn't be used. Use .withValues() to avoid precision loss - lib\features\arsenal\arsenal_screen.dart:185:51 - deprecated_member_use
   info - 'withOpacity' is deprecated and shouldn't be used. Use .withValues() to avoid precision loss - lib\features\arsenal\arsenal_screen.dart:191:42 - deprecated_member_use
   info - 'withOpacity' is deprecated and shouldn't be used. Use .withValues() to avoid precision loss - lib\features\arsenal\arsenal_screen.dart:245:53 - deprecated_member_use
   info - 'withOpacity' is deprecated and shouldn't be used. Use .withValues() to avoid precision loss - lib\features\arsenal\arsenal_screen.dart:248:56 - deprecated_member_use
   info - 'withOpacity' is deprecated and shouldn't be used. Use .withValues() to avoid precision loss - lib\features\arsenal\arsenal_screen.dart:305:52 - deprecated_member_use
   info - 'withOpacity' is deprecated and shouldn't be used. Use .withValues() to avoid precision loss - lib\features\arsenal\arsenal_screen.dart:314:54 - deprecated_member_use
   info - 'withOpacity' is deprecated and shouldn't be used. Use .withValues() to avoid precision loss - lib\features\arsenal\arsenal_screen.dart:411:43 - deprecated_member_use
   info - 'withOpacity' is deprecated and shouldn't be used. Use .withValues() to avoid precision loss - lib\features\arsenal\arsenal_screen.dart:432:41 - deprecated_member_use
   info - 'withOpacity' is deprecated and shouldn't be used. Use .withValues() to avoid precision loss - lib\features\arsenal\arsenal_screen.dart:443:48 - deprecated_member_use
   info - 'withOpacity' is deprecated and shouldn't be used. Use .withValues() to avoid precision loss - lib\features\arsenal\arsenal_screen.dart:451:78 - deprecated_member_use
   info - 'withOpacity' is deprecated and shouldn't be used. Use .withValues() to avoid precision loss - lib\features\arsenal\arsenal_screen.dart:481:56 - deprecated_member_use
   info - 'withOpacity' is deprecated and shouldn't be used. Use .withValues() to avoid precision loss - lib\features\arsenal\arsenal_screen.dart:607:53 - deprecated_member_use
   info - 'withOpacity' is deprecated and shouldn't be used. Use .withValues() to avoid precision loss - lib\features\arsenal\arsenal_screen.dart:610:56 - deprecated_member_use
   info - 'withOpacity' is deprecated and shouldn't be used. Use .withValues() to avoid precision loss - lib\features\dojo\dojo_screen.dart:132:70 - deprecated_member_use
   info - 'withOpacity' is deprecated and shouldn't be used. Use .withValues() to avoid precision loss - lib\features\dojo\dojo_screen.dart:134:89 - deprecated_member_use
   info - 'withOpacity' is deprecated and shouldn't be used. Use .withValues() to avoid precision loss - lib\features\dojo\dojo_screen.dart:138:35 - deprecated_member_use
   info - 'withOpacity' is deprecated and shouldn't be used. Use .withValues() to avoid precision loss - lib\features\dojo\dojo_screen.dart:200:129 - deprecated_member_use
   info - 'withOpacity' is deprecated and shouldn't be used. Use .withValues() to avoid precision loss - lib\features\dojo\dojo_screen.dart:206:86 - deprecated_member_use
   info - 'withOpacity' is deprecated and shouldn't be used. Use .withValues() to avoid precision loss - lib\features\dojo\dojo_screen.dart:216:90 - deprecated_member_use
   info - 'withOpacity' is deprecated and shouldn't be used. Use .withValues() to avoid precision loss - lib\features\dojo\dojo_screen.dart:289:74 - deprecated_member_use
   info - 'withOpacity' is deprecated and shouldn't be used. Use .withValues() to avoid precision loss - lib\features\dojo\dojo_screen.dart:300:90 - deprecated_member_use
   info - 'withOpacity' is deprecated and shouldn't be used. Use .withValues() to avoid precision loss - lib\features\dojo\dojo_screen.dart:320:92 - deprecated_member_use
   info - 'withOpacity' is deprecated and shouldn't be used. Use .withValues() to avoid precision loss - lib\features\dojo\dojo_screen.dart:488:44 - deprecated_member_use
   info - 'withOpacity' is deprecated and shouldn't be used. Use .withValues() to avoid precision loss - lib\features\dojo\exercise_selector_screen.dart:67:38 - deprecated_member_use
   info - 'withOpacity' is deprecated and shouldn't be used. Use .withValues() to avoid precision loss - lib\features\home\home_screen.dart:374:86 - deprecated_member_use
   info - 'withOpacity' is deprecated and shouldn't be used. Use .withValues() to avoid precision loss - lib\features\home\home_screen.dart:379:59 - deprecated_member_use
   info - 'withOpacity' is deprecated and shouldn't be used. Use .withValues() to avoid precision loss - lib\features\home\home_screen.dart:388:60 - deprecated_member_use
   info - 'withOpacity' is deprecated and shouldn't be used. Use .withValues() to avoid precision loss - lib\features\home\widgets\arc_card.dart:86:44 - deprecated_member_use
   info - 'withOpacity' is deprecated and shouldn't be used. Use .withValues() to avoid precision loss - lib\features\home\widgets\arc_card.dart:153:59 - deprecated_member_use
   info - 'withOpacity' is deprecated and shouldn't be used. Use .withValues() to avoid precision loss - lib\features\home\widgets\daily_pulse.dart:46:35 - deprecated_member_use
   info - 'withOpacity' is deprecated and shouldn't be used. Use .withValues() to avoid precision loss - lib\features\home\widgets\daily_pulse.dart:150:44 - deprecated_member_use
   info - 'withOpacity' is deprecated and shouldn't be used. Use .withValues() to avoid precision loss - lib\features\home\widgets\daily_video_card.dart:135:48 - deprecated_member_use
   info - 'withOpacity' is deprecated and shouldn't be used. Use .withValues() to avoid precision loss - lib\features\home\widgets\dual_balance_widget.dart:151:45 - deprecated_member_use
   info - 'withOpacity' is deprecated and shouldn't be used. Use .withValues() to avoid precision loss - lib\features\laboratory\laboratory_screen.dart:178:50 - deprecated_member_use
   info - 'withOpacity' is deprecated and shouldn't be used. Use .withValues() to avoid precision loss - lib\features\laboratory\laboratory_screen.dart:385:52 - deprecated_member_use
   info - 'Share' is deprecated and shouldn't be used. Use SharePlus instead - lib\features\laboratory\laboratory_screen.dart:668:13 - deprecated_member_use
   info - 'shareXFiles' is deprecated and shouldn't be used. Use SharePlus.instance.share() instead - lib\features\laboratory\laboratory_screen.dart:668:19 - deprecated_member_use
   info - 'Share' is deprecated and shouldn't be used. Use SharePlus instead - lib\features\laboratory\laboratory_screen.dart:1613:13 - deprecated_member_use
   info - 'share' is deprecated and shouldn't be used. Use SharePlus.instance.share() instead - lib\features\laboratory\laboratory_screen.dart:1613:19 - deprecated_member_use
   info - The private field _selectedAmbientSound could be 'final' - lib\features\library\library_screen.dart:42:10 - prefer_final_fields
   info - 'withOpacity' is deprecated and shouldn't be used. Use .withValues() to avoid precision loss - lib\features\library\library_screen.dart:294:46 - deprecated_member_use
   info - 'withOpacity' is deprecated and shouldn't be used. Use .withValues() to avoid precision loss - lib\features\library\library_screen.dart:352:91 - deprecated_member_use
   info - Don't use 'BuildContext's across async gaps, guarded by an unrelated 'mounted' check - lib\features\library\library_screen.dart:431:46 - use_build_context_synchronously
   info - Don't use 'BuildContext's across async gaps, guarded by an unrelated 'mounted' check - lib\features\library\library_screen.dart:447:46 - use_build_context_synchronously
   info - Don't use 'BuildContext's across async gaps, guarded by an unrelated 'mounted' check - lib\features\library\library_screen.dart:478:46 - use_build_context_synchronously
   info - Don't use 'BuildContext's across async gaps, guarded by an unrelated 'mounted' check - lib\features\library\library_screen.dart:487:46 - use_build_context_synchronously
   info - 'withOpacity' is deprecated and shouldn't be used. Use .withValues() to avoid precision loss - lib\features\library\library_screen.dart:535:65 - deprecated_member_use
   info - 'withOpacity' is deprecated and shouldn't be used. Use .withValues() to avoid precision loss - lib\features\library\library_screen.dart:615:57 - deprecated_member_use
   info - 'withOpacity' is deprecated and shouldn't be used. Use .withValues() to avoid precision loss - lib\features\library\library_screen.dart:621:62 - deprecated_member_use
   info - 'withOpacity' is deprecated and shouldn't be used. Use .withValues() to avoid precision loss - lib\features\library\library_screen.dart:645:71 - deprecated_member_use
   info - 'withOpacity' is deprecated and shouldn't be used. Use .withValues() to avoid precision loss - lib\features\library\library_screen.dart:699:54 - deprecated_member_use
   info - 'withOpacity' is deprecated and shouldn't be used. Use .withValues() to avoid precision loss - lib\features\library\library_screen.dart:745:60 - deprecated_member_use
   info - 'withOpacity' is deprecated and shouldn't be used. Use .withValues() to avoid precision loss - lib\features\library\library_screen.dart:787:62 - deprecated_member_use
   info - 'withOpacity' is deprecated and shouldn't be used. Use .withValues() to avoid precision loss - lib\features\library\library_screen.dart:810:48 - deprecated_member_use
   info - 'withOpacity' is deprecated and shouldn't be used. Use .withValues() to avoid precision loss - lib\features\library\library_screen.dart:847:48 - deprecated_member_use
   info - 'withOpacity' is deprecated and shouldn't be used. Use .withValues() to avoid precision loss - lib\features\library\library_screen.dart:859:48 - deprecated_member_use
   info - 'withOpacity' is deprecated and shouldn't be used. Use .withValues() to avoid precision loss - lib\features\library\library_screen.dart:886:71 - deprecated_member_use
   info - 'withOpacity' is deprecated and shouldn't be used. Use .withValues() to avoid precision loss - lib\features\library\library_screen.dart:888:74 - deprecated_member_use
   info - 'withOpacity' is deprecated and shouldn't be used. Use .withValues() to avoid precision loss - lib\features\library\screens\audio_player_screen.dart:280:71 - deprecated_member_use
   info - The imported package 'path' isn't a dependency of the importing package - lib\features\pantheon\pantheon_screen.dart:17:8 - depend_on_referenced_packages
   info - 'withOpacity' is deprecated and shouldn't be used. Use .withValues() to avoid precision loss - lib\features\pantheon\pantheon_screen.dart:177:52 - deprecated_member_use
   info - 'withOpacity' is deprecated and shouldn't be used. Use .withValues() to avoid precision loss - lib\features\pantheon\pantheon_screen.dart:186:54 - deprecated_member_use
   info - 'withOpacity' is deprecated and shouldn't be used. Use .withValues() to avoid precision loss - lib\features\pantheon\pantheon_screen.dart:422:62 - deprecated_member_use
   info - Don't use 'BuildContext's across async gaps, guarded by an unrelated 'mounted' check - lib\features\pantheon\pantheon_screen.dart:2509:42 - use_build_context_synchronously
   info - Don't use 'BuildContext's across async gaps, guarded by an unrelated 'mounted' check - lib\features\pantheon\pantheon_screen.dart:2515:42 - use_build_context_synchronously
   info - Don't use 'BuildContext's across async gaps, guarded by an unrelated 'mounted' check - lib\features\pantheon\pantheon_screen.dart:2733:23 - use_build_context_synchronously
   info - Don't use 'BuildContext's across async gaps, guarded by an unrelated 'mounted' check - lib\features\pantheon\pantheon_screen.dart:2806:40 - use_build_context_synchronously
   info - Don't use 'BuildContext's across async gaps, guarded by an unrelated 'mounted' check - lib\features\pantheon\pantheon_screen.dart:2812:40 - use_build_context_synchronously
   info - 'withOpacity' is deprecated and shouldn't be used. Use .withValues() to avoid precision loss - lib\features\profile\profile_screen.dart:166:48 - deprecated_member_use
   info - Don't invoke 'print' in production code - lib\features\rewards\arc_reward_service.dart:34:5 - avoid_print
   info - 'androidProvider' is deprecated and shouldn't be used. Use providerAndroid instead. This parameter will be removed in a future major release - lib\main.dart:36:7 - deprecated_member_use
   info - 'appleProvider' is deprecated and shouldn't be used. Use providerApple instead. This parameter will be removed in a future major release - lib\main.dart:37:7 - deprecated_member_use
   info - Don't invoke 'print' in production code - test_google_books.dart:14:5 - avoid_print
   info - Don't invoke 'print' in production code - test_google_books.dart:19:7 - avoid_print
   info - Don't invoke 'print' in production code - test_google_books.dart:22:7 - avoid_print
   info - Don't invoke 'print' in production code - test_google_books.dart:30:13 - avoid_print
   info - Don't invoke 'print' in production code - test_google_books.dart:32:13 - avoid_print
   info - Don't invoke 'print' in production code - test_google_books.dart:35:11 - avoid_print
   info - Don't invoke 'print' in production code - test_google_books.dart:38:9 - avoid_print
   info - Don't invoke 'print' in production code - test_google_books.dart:41:7 - avoid_print
   info - Don't invoke 'print' in production code - test_google_books.dart:43:5 - avoid_print

200 issues found. (ran in 9.0s)
